// Jest Snapshot v1, https://goo.gl/fbAQLP

exports[`should render a div 1`] = `
<p
  className="sc-bwzfXH hbYpBt"
/>
`;
